audited 1/130: 0dfe6f786ad7dd9d__deliberative__astra_medium__r001 (1 issues)
audited 2/130: 0dfe6f786ad7dd9d__deliberative__astra_medium__r002 (1 issues)
audited 3/130: 0dfe6f786ad7dd9d__deliberative__astra_medium__r003 (1 issues)
audited 4/130: 0dfe6f786ad7dd9d__deliberative__astra_medium__r004 (1 issues)
audited 5/130: 0dfe6f786ad7dd9d__deliberative__gemma_4_31b__r001 (2 issues)
audited 6/130: 0dfe6f786ad7dd9d__deliberative__gemma_4_31b__r002 (1 issues)
audited 7/130: 0dfe6f786ad7dd9d__deliberative__gemma_4_31b__r003 (1 issues)
audited 8/130: 0dfe6f786ad7dd9d__deliberative__luna_medium__r001 (1 issues)
audited 9/130: 0dfe6f786ad7dd9d__deliberative__luna_medium__r002 (1 issues)
audited 10/130: 0dfe6f786ad7dd9d__deliberative__luna_medium__r003 (1 issues)
audited 11/130: 0dfe6f786ad7dd9d__deliberative__luna_medium__r004 (1 issues)
audited 12/130: 0dfe6f786ad7dd9d__deliberative__sol_medium__r001 (1 issues)
audited 13/130: 0dfe6f786ad7dd9d__deliberative__sol_medium__r002 (1 issues)
audited 14/130: 0dfe6f786ad7dd9d__deliberative__sol_medium__r003 (1 issues)
audited 15/130: 0dfe6f786ad7dd9d__deliberative__terra_medium__r001 (2 issues)
audited 16/130: 0dfe6f786ad7dd9d__deliberative__terra_medium__r002 (2 issues)
audited 17/130: 0dfe6f786ad7dd9d__deliberative__terra_medium__r003 (1 issues)
audited 18/130: 0dfe6f786ad7dd9d__deliberative__terra_medium__r004 (1 issues)
audited 19/130: 0dfe6f786ad7dd9d__persistent__astra_medium__r001 (1 issues)
audited 20/130: 0dfe6f786ad7dd9d__persistent__astra_medium__r002 (1 issues)
audited 21/130: 0dfe6f786ad7dd9d__persistent__astra_medium__r003 (1 issues)
audited 22/130: 0dfe6f786ad7dd9d__persistent__astra_medium__r004 (1 issues)
audited 23/130: 0dfe6f786ad7dd9d__persistent__gemma_4_31b__r001 (1 issues)
audited 24/130: 0dfe6f786ad7dd9d__persistent__gemma_4_31b__r002 (1 issues)
audited 25/130: 0dfe6f786ad7dd9d__persistent__gemma_4_31b__r003 (1 issues)
audited 26/130: 0dfe6f786ad7dd9d__persistent__gemma_4_31b__r004 (1 issues)
audited 27/130: 0dfe6f786ad7dd9d__persistent__luna_medium__r001 (1 issues)
audited 28/130: 0dfe6f786ad7dd9d__persistent__luna_medium__r002 (1 issues)
audited 29/130: 0dfe6f786ad7dd9d__persistent__luna_medium__r003 (1 issues)
audited 30/130: 0dfe6f786ad7dd9d__persistent__luna_medium__r004 (1 issues)
audited 31/130: 0dfe6f786ad7dd9d__persistent__luna_medium__r005 (1 issues)
audited 32/130: 0dfe6f786ad7dd9d__persistent__qwen_3_8_27b__r001 (1 issues)
audited 33/130: 0dfe6f786ad7dd9d__persistent__qwen_3_8_27b__r002 (1 issues)
audited 34/130: 0dfe6f786ad7dd9d__persistent__qwen_3_8_27b__r003 (1 issues)
audited 35/130: 0dfe6f786ad7dd9d__persistent__qwen_3_8_27b__r004 (1 issues)
audited 36/130: 0dfe6f786ad7dd9d__persistent__sol_medium__r001 (1 issues)
audited 37/130: 0dfe6f786ad7dd9d__persistent__sol_medium__r002 (1 issues)
audited 38/130: 0dfe6f786ad7dd9d__persistent__sol_medium__r003 (1 issues)
audited 39/130: 0dfe6f786ad7dd9d__persistent__sol_medium__r004 (1 issues)
audited 40/130: 0dfe6f786ad7dd9d__persistent__terra_medium__r001 (1 issues)
audited 41/130: 0dfe6f786ad7dd9d__persistent__terra_medium__r002 (1 issues)
audited 42/130: 0dfe6f786ad7dd9d__persistent__terra_medium__r003 (1 issues)
audited 43/130: 0dfe6f786ad7dd9d__persistent__terra_medium__r004 (1 issues)
audited 44/130: 0dfe6f786ad7dd9d__sequential__astra_medium__r001 (1 issues)
audited 45/130: 0dfe6f786ad7dd9d__sequential__astra_medium__r002 (1 issues)
audited 46/130: 0dfe6f786ad7dd9d__sequential__astra_medium__r003 (1 issues)
audited 47/130: 0dfe6f786ad7dd9d__sequential__astra_medium__r004 (1 issues)
audited 48/130: 0dfe6f786ad7dd9d__sequential__gemma_4_31b__r001 (1 issues)
audited 49/130: 0dfe6f786ad7dd9d__sequential__gemma_4_31b__r002 (1 issues)
audited 50/130: 0dfe6f786ad7dd9d__sequential__gemma_4_31b__r003 (1 issues)
audited 51/130: 0dfe6f786ad7dd9d__sequential__luna_medium__r001 (1 issues)
audited 52/130: 0dfe6f786ad7dd9d__sequential__luna_medium__r002 (1 issues)
audited 53/130: 0dfe6f786ad7dd9d__sequential__luna_medium__r003 (1 issues)
audited 54/130: 0dfe6f786ad7dd9d__sequential__luna_medium__r004 (1 issues)
audited 55/130: 0dfe6f786ad7dd9d__sequential__qwen_3_8_27b__r001 (1 issues)
audited 56/130: 0dfe6f786ad7dd9d__sequential__qwen_3_8_27b__r002 (1 issues)
audited 57/130: 0dfe6f786ad7dd9d__sequential__sol_medium__r001 (1 issues)
audited 58/130: 0dfe6f786ad7dd9d__sequential__sol_medium__r002 (1 issues)
audited 59/130: 0dfe6f786ad7dd9d__sequential__sol_medium__r003 (1 issues)
audited 60/130: 0dfe6f786ad7dd9d__sequential__sol_medium__r004 (1 issues)
audited 61/130: 0dfe6f786ad7dd9d__sequential__terra_medium__r001 (1 issues)
audited 62/130: 0dfe6f786ad7dd9d__sequential__terra_medium__r002 (1 issues)
audited 63/130: 0dfe6f786ad7dd9d__sequential__terra_medium__r003 (1 issues)
audited 64/130: 0dfe6f786ad7dd9d__sequential__terra_medium__r004 (1 issues)
audited 65/130: 997d9404f1e89442__deliberative__astra_medium__r001 (1 issues)
audited 66/130: 997d9404f1e89442__deliberative__astra_medium__r002 (1 issues)
audited 67/130: 997d9404f1e89442__deliberative__astra_medium__r003 (1 issues)
audited 68/130: 997d9404f1e89442__deliberative__astra_medium__r004 (1 issues)
audited 69/130: 997d9404f1e89442__deliberative__gemma_4_31b__r001 (1 issues)
audited 70/130: 997d9404f1e89442__deliberative__gemma_4_31b__r002 (1 issues)
audited 71/130: 997d9404f1e89442__deliberative__luna_medium__r001 (1 issues)
audited 72/130: 997d9404f1e89442__deliberative__luna_medium__r002 (1 issues)
audited 73/130: 997d9404f1e89442__deliberative__luna_medium__r003 (1 issues)
audited 74/130: 997d9404f1e89442__deliberative__luna_medium__r004 (1 issues)
audited 75/130: 997d9404f1e89442__deliberative__qwen_3_8_27b__r002 (1 issues)
audited 76/130: 997d9404f1e89442__deliberative__sol_medium__r001 (1 issues)
audited 77/130: 997d9404f1e89442__deliberative__sol_medium__r002 (1 issues)
audited 78/130: 997d9404f1e89442__deliberative__sol_medium__r003 (1 issues)
audited 79/130: 997d9404f1e89442__deliberative__sol_medium__r004 (1 issues)
audited 80/130: 997d9404f1e89442__deliberative__terra_medium__r001 (1 issues)
audited 81/130: 997d9404f1e89442__deliberative__terra_medium__r002 (1 issues)
audited 82/130: 997d9404f1e89442__deliberative__terra_medium__r003 (1 issues)
audited 83/130: 997d9404f1e89442__deliberative__terra_medium__r004 (1 issues)
audited 84/130: 997d9404f1e89442__persistent__astra_medium__r001 (1 issues)
audited 85/130: 997d9404f1e89442__persistent__astra_medium__r002 (1 issues)
audited 86/130: 997d9404f1e89442__persistent__astra_medium__r003 (1 issues)
audited 87/130: 997d9404f1e89442__persistent__astra_medium__r004 (1 issues)
audited 88/130: 997d9404f1e89442__persistent__astra_medium__r005 (1 issues)
audited 89/130: 997d9404f1e89442__persistent__gemma_4_31b__r001 (1 issues)
audited 90/130: 997d9404f1e89442__persistent__gemma_4_31b__r002 (1 issues)
audited 91/130: 997d9404f1e89442__persistent__gemma_4_31b__r003 (1 issues)
audited 92/130: 997d9404f1e89442__persistent__gemma_4_31b__r004 (1 issues)
audited 93/130: 997d9404f1e89442__persistent__luna_medium__r001 (1 issues)
audited 94/130: 997d9404f1e89442__persistent__luna_medium__r002 (1 issues)
audited 95/130: 997d9404f1e89442__persistent__luna_medium__r003 (1 issues)
audited 96/130: 997d9404f1e89442__persistent__luna_medium__r004 (1 issues)
audited 97/130: 997d9404f1e89442__persistent__qwen_3_8_27b__r001 (1 issues)
audited 98/130: 997d9404f1e89442__persistent__qwen_3_8_27b__r002 (1 issues)
audited 99/130: 997d9404f1e89442__persistent__qwen_3_8_27b__r003 (1 issues)
audited 100/130: 997d9404f1e89442__persistent__qwen_3_8_27b__r004 (1 issues)
audited 101/130: 997d9404f1e89442__persistent__sol_medium__r001 (1 issues)
audited 102/130: 997d9404f1e89442__persistent__sol_medium__r002 (1 issues)
audited 103/130: 997d9404f1e89442__persistent__sol_medium__r003 (1 issues)
audited 104/130: 997d9404f1e89442__persistent__sol_medium__r004 (1 issues)
audited 105/130: 997d9404f1e89442__persistent__terra_medium__r001 (1 issues)
audited 106/130: 997d9404f1e89442__persistent__terra_medium__r002 (1 issues)
audited 107/130: 997d9404f1e89442__persistent__terra_medium__r003 (1 issues)
audited 108/130: 997d9404f1e89442__persistent__terra_medium__r004 (1 issues)
audited 109/130: 997d9404f1e89442__sequential__astra_medium__r001 (1 issues)
audited 110/130: 997d9404f1e89442__sequential__astra_medium__r002 (1 issues)
audited 111/130: 997d9404f1e89442__sequential__astra_medium__r003 (1 issues)
audited 112/130: 997d9404f1e89442__sequential__astra_medium__r004 (1 issues)
audited 113/130: 997d9404f1e89442__sequential__astra_medium__r005 (1 issues)
audited 114/130: 997d9404f1e89442__sequential__gemma_4_31b__r001 (1 issues)
audited 115/130: 997d9404f1e89442__sequential__gemma_4_31b__r002 (1 issues)
audited 116/130: 997d9404f1e89442__sequential__gemma_4_31b__r003 (1 issues)
audited 117/130: 997d9404f1e89442__sequential__luna_medium__r001 (1 issues)
audited 118/130: 997d9404f1e89442__sequential__luna_medium__r002 (1 issues)
audited 119/130: 997d9404f1e89442__sequential__luna_medium__r003 (1 issues)
audited 120/130: 997d9404f1e89442__sequential__luna_medium__r004 (1 issues)
audited 121/130: 997d9404f1e89442__sequential__qwen_3_8_27b__r001 (1 issues)
audited 122/130: 997d9404f1e89442__sequential__qwen_3_8_27b__r002 (1 issues)
audited 123/130: 997d9404f1e89442__sequential__sol_medium__r001 (1 issues)
audited 124/130: 997d9404f1e89442__sequential__sol_medium__r002 (1 issues)
audited 125/130: 997d9404f1e89442__sequential__sol_medium__r003 (1 issues)
audited 126/130: 997d9404f1e89442__sequential__sol_medium__r004 (1 issues)
audited 127/130: 997d9404f1e89442__sequential__terra_medium__r001 (1 issues)
audited 128/130: 997d9404f1e89442__sequential__terra_medium__r002 (1 issues)
audited 129/130: 997d9404f1e89442__sequential__terra_medium__r003 (1 issues)
audited 130/130: 997d9404f1e89442__sequential__terra_medium__r004 (1 issues)
SAVED /data1/ken/onc-co-scientist/outputs/interim_results_9-8-26/audit_results.json
Final verification: canonical provenance hashing and peer-repair diagnostics rechecked; zero unresolved audit discrepancies across all 130 runs. All 18 table rows per section and artifact links verified.
