2026-09-09T13:50:51.744649+00:00 START 59 selected cells; 24 workers
2026-09-09T14:00:00.369594+00:00 failed 997d9404f1e89442__sequential__qwen_3_8_27b__r005
2026-09-09T14:01:16.070481+00:00 completed 0dfe6f786ad7dd9d__sequential__gemma_4_31b__r007
2026-09-09T14:01:32.986735+00:00 completed 0dfe6f786ad7dd9d__persistent__gemma_4_31b__r007
2026-09-09T15:16:58.601458+00:00 completed 0dfe6f786ad7dd9d__persistent__qwen_3_8_27b__r007
2026-09-09T15:18:36.308330+00:00 failed 0dfe6f786ad7dd9d__deliberative__gemma_4_31b__r006
2026-09-09T15:42:57.145317+00:00 completed 0dfe6f786ad7dd9d__sequential__gemma_4_31b__r008
2026-09-09T15:54:47.676689+00:00 completed 997d9404f1e89442__deliberative__gemma_4_31b__r007
2026-09-09T16:21:04.362377+00:00 failed 997d9404f1e89442__deliberative__qwen_3_8_27b__r004
2026-09-09T16:57:01.196864+00:00 failed 0dfe6f786ad7dd9d__sequential__qwen_3_8_27b__r005
2026-09-09T17:38:03.080679+00:00 failed 997d9404f1e89442__persistent__qwen_3_8_27b__r007
2026-09-09T17:53:00.559659+00:00 failed 997d9404f1e89442__sequential__qwen_3_8_27b__r006
2026-09-09T17:53:49.882577+00:00 failed 0dfe6f786ad7dd9d__sequential__qwen_3_8_27b__r006
2026-09-09T18:07:17.324919+00:00 failed 0dfe6f786ad7dd9d__deliberative__qwen_3_8_27b__r003
2026-09-09T18:29:57.672118+00:00 failed 997d9404f1e89442__persistent__gemma_4_31b__r008
2026-09-09T19:38:52.496283+00:00 failed 0dfe6f786ad7dd9d__sequential__qwen_3_8_27b__r007
2026-09-09T20:07:39.955436+00:00 failed 0dfe6f786ad7dd9d__persistent__qwen_3_8_27b__r008
2026-09-09T20:44:14.060876+00:00 completed 997d9404f1e89442__persistent__qwen_3_8_27b__r009
2026-09-09T20:54:42.164499+00:00 failed 0dfe6f786ad7dd9d__deliberative__gemma_4_31b__r007
2026-09-09T21:25:42.097216+00:00 completed 997d9404f1e89442__persistent__qwen_3_8_27b__r008
2026-09-09T21:27:45.285909+00:00 failed 997d9404f1e89442__deliberative__qwen_3_8_27b__r003
2026-09-09T21:55:53.252487+00:00 failed 997d9404f1e89442__sequential__gemma_4_31b__r008
2026-09-09T21:59:24.000615+00:00 completed 0dfe6f786ad7dd9d__sequential__gemma_4_31b__r009
2026-09-09T22:14:25.476512+00:00 failed 0dfe6f786ad7dd9d__persistent__gemma_4_31b__r008
2026-09-09T22:20:29.774759+00:00 completed 0dfe6f786ad7dd9d__persistent__gemma_4_31b__r009
2026-09-09T22:43:42.602995+00:00 completed 997d9404f1e89442__persistent__gemma_4_31b__r009
2026-09-09T22:45:10.786587+00:00 failed 997d9404f1e89442__sequential__qwen_3_8_27b__r008
2026-09-09T23:29:59.856860+00:00 failed 0dfe6f786ad7dd9d__sequential__qwen_3_8_27b__r008
2026-09-09T23:45:40.038382+00:00 failed 0dfe6f786ad7dd9d__persistent__qwen_3_8_27b__r009
2026-09-10T00:02:03.217526+00:00 failed 0dfe6f786ad7dd9d__deliberative__qwen_3_8_27b__r004
2026-09-10T00:49:22.840515+00:00 completed 997d9404f1e89442__sequential__gemma_4_31b__r009
2026-09-10T01:01:41.478557+00:00 failed 997d9404f1e89442__sequential__qwen_3_8_27b__r007
2026-09-10T01:37:14.561194+00:00 failed 0dfe6f786ad7dd9d__persistent__gemma_4_31b__r010
2026-09-10T01:48:58.276767+00:00 failed 997d9404f1e89442__persistent__qwen_3_8_27b__r010
2026-09-10T02:00:41.707863+00:00 completed 997d9404f1e89442__persistent__gemma_4_31b__r010
2026-09-10T02:04:22.625504+00:00 failed 997d9404f1e89442__deliberative__gemma_4_31b__r008
2026-09-10T02:18:10.975112+00:00 failed 997d9404f1e89442__deliberative__qwen_3_8_27b__r005
2026-09-10T03:00:10.603424+00:00 completed 997d9404f1e89442__sequential__gemma_4_31b__r010
2026-09-10T03:34:39.667277+00:00 failed 0dfe6f786ad7dd9d__deliberative__gemma_4_31b__r008
2026-09-10T03:46:04.377090+00:00 completed 0dfe6f786ad7dd9d__persistent__qwen_3_8_27b__r010
2026-09-10T04:00:21.542532+00:00 failed 997d9404f1e89442__sequential__qwen_3_8_27b__r009
2026-09-10T04:50:49.941895+00:00 failed 0dfe6f786ad7dd9d__deliberative__qwen_3_8_27b__r005
2026-09-10T04:55:33.125726+00:00 failed 0dfe6f786ad7dd9d__sequential__qwen_3_8_27b__r009
2026-09-10T04:57:45.275909+00:00 failed 0dfe6f786ad7dd9d__deliberative__gemma_4_31b__r009
2026-09-10T05:24:24.109534+00:00 failed 0dfe6f786ad7dd9d__sequential__gemma_4_31b__r010
2026-09-10T06:15:44.418533+00:00 failed 997d9404f1e89442__deliberative__qwen_3_8_27b__r006
2026-09-10T06:16:08.877788+00:00 failed 0dfe6f786ad7dd9d__deliberative__qwen_3_8_27b__r007
2026-09-10T06:23:45.032725+00:00 failed 997d9404f1e89442__deliberative__gemma_4_31b__r009
2026-09-10T06:47:29.809340+00:00 failed 997d9404f1e89442__deliberative__qwen_3_8_27b__r007
2026-09-10T06:57:05.197683+00:00 failed 0dfe6f786ad7dd9d__sequential__qwen_3_8_27b__r010
2026-09-10T07:30:29.289557+00:00 failed 0dfe6f786ad7dd9d__deliberative__qwen_3_8_27b__r006
2026-09-10T07:35:07.706311+00:00 failed 997d9404f1e89442__deliberative__gemma_4_31b__r010
2026-09-10T08:27:43.534442+00:00 failed 0dfe6f786ad7dd9d__deliberative__gemma_4_31b__r010
2026-09-10T08:56:47.891542+00:00 failed 0dfe6f786ad7dd9d__deliberative__qwen_3_8_27b__r008
2026-09-10T09:45:48.347222+00:00 failed 997d9404f1e89442__deliberative__qwen_3_8_27b__r008
2026-09-10T10:13:12.375153+00:00 failed 997d9404f1e89442__sequential__qwen_3_8_27b__r010
2026-09-10T11:43:04.452184+00:00 failed 0dfe6f786ad7dd9d__deliberative__qwen_3_8_27b__r009
2026-09-10T12:54:01.691431+00:00 failed 0dfe6f786ad7dd9d__deliberative__qwen_3_8_27b__r010
2026-09-10T13:20:33.713481+00:00 failed 997d9404f1e89442__deliberative__qwen_3_8_27b__r010
