{
  "groups": [
    {
      "model": "astra_medium",
      "workflow": "persistent",
      "n": 9,
      "failed": 0,
      "peer_veto_runs": 0,
      "peer_veto_stages": 0,
      "other_failed_stages": 0,
      "provider_errors": 2,
      "F1": 78.40865489664728,
      "diagnostic_F1": 78.40865489664728,
      "R": 0.6666666666666666,
      "P": 0.9543516904000775,
      "E": 65.55555555555554,
      "proposals": 119.9,
      "unique_tests": 117.3
    },
    {
      "model": "astra_medium",
      "workflow": "sequential",
      "n": 9,
      "failed": 1,
      "peer_veto_runs": 0,
      "peer_veto_stages": 0,
      "other_failed_stages": 2,
      "provider_errors": 8,
      "F1": 67.31455143961091,
      "diagnostic_F1": 74.414118539178,
      "R": 0.625,
      "P": 0.9480101387976775,
      "E": 65.44444444444443,
      "proposals": 117.9,
      "unique_tests": 115.3
    },
    {
      "model": "astra_medium",
      "workflow": "deliberative",
      "n": 8,
      "failed": 2,
      "peer_veto_runs": 2,
      "peer_veto_stages": 4,
      "other_failed_stages": 1,
      "provider_errors": 18,
      "F1": 61.10035494817319,
      "diagnostic_F1": 80.92941477723302,
      "R": 0.6875,
      "P": 0.9866754815961473,
      "E": 66.25,
      "proposals": 113.0,
      "unique_tests": 110.5
    },
    {
      "model": "gemma_4_31b",
      "workflow": "persistent",
      "n": 8,
      "failed": 2,
      "peer_veto_runs": 0,
      "peer_veto_stages": 0,
      "other_failed_stages": 3,
      "provider_errors": 0,
      "F1": 51.26639344262295,
      "diagnostic_F1": 67.21785599485695,
      "R": 0.5416666666666666,
      "P": 0.9415922619047619,
      "E": 59.86111111111111,
      "proposals": 142.875,
      "unique_tests": 134.625
    },
    {
      "model": "gemma_4_31b",
      "workflow": "sequential",
      "n": 6,
      "failed": 2,
      "peer_veto_runs": 0,
      "peer_veto_stages": 0,
      "other_failed_stages": 3,
      "provider_errors": 0,
      "F1": 52.345679012345684,
      "diagnostic_F1": 74.01234567901236,
      "R": 0.611111111111111,
      "P": 0.9722222222222223,
      "E": 63.70370370370371,
      "proposals": 150.66666666666669,
      "unique_tests": 142.83333333333334
    },
    {
      "model": "gemma_4_31b",
      "workflow": "deliberative",
      "n": 5,
      "failed": 3,
      "peer_veto_runs": 0,
      "peer_veto_stages": 0,
      "other_failed_stages": 15,
      "provider_errors": 0,
      "F1": 21.666666666666668,
      "diagnostic_F1": 75.0,
      "R": 0.611111111111111,
      "P": 1.0,
      "E": 65.05555555555556,
      "proposals": 105.25,
      "unique_tests": 99.33333333333334
    },
    {
      "model": "luna_medium",
      "workflow": "persistent",
      "n": 9,
      "failed": 1,
      "peer_veto_runs": 0,
      "peer_veto_stages": 0,
      "other_failed_stages": 1,
      "provider_errors": 1,
      "F1": 19.25510055783409,
      "diagnostic_F1": 23.748492628318672,
      "R": 0.17222222222222222,
      "P": 0.6380318219074764,
      "E": 32.87777777777778,
      "proposals": 160.075,
      "unique_tests": 151.925
    },
    {
      "model": "luna_medium",
      "workflow": "sequential",
      "n": 8,
      "failed": 1,
      "peer_veto_runs": 0,
      "peer_veto_stages": 0,
      "other_failed_stages": 2,
      "provider_errors": 9,
      "F1": 8.931671205062582,
      "diagnostic_F1": 14.802883326274703,
      "R": 0.09722222222222221,
      "P": 0.7406348601766284,
      "E": 33.47222222222223,
      "proposals": 152.25,
      "unique_tests": 147.125
    },
    {
      "model": "luna_medium",
      "workflow": "deliberative",
      "n": 8,
      "failed": 0,
      "peer_veto_runs": 0,
      "peer_veto_stages": 0,
      "other_failed_stages": 0,
      "provider_errors": 2,
      "F1": 13.33154076456933,
      "diagnostic_F1": 13.33154076456933,
      "R": 0.08333333333333333,
      "P": 0.589200876806809,
      "E": 29.166666666666664,
      "proposals": 119.25,
      "unique_tests": 114.625
    },
    {
      "model": "qwen_3_8_27b",
      "workflow": "persistent",
      "n": 8,
      "failed": 6,
      "peer_veto_runs": 0,
      "peer_veto_stages": 0,
      "other_failed_stages": 15,
      "provider_errors": 0,
      "F1": 20.0,
      "diagnostic_F1": 72.5,
      "R": 0.5833333333333333,
      "P": 1.0,
      "E": 64.94444444444444,
      "proposals": 65.5,
      "unique_tests": 56.0
    },
    {
      "model": "qwen_3_8_27b",
      "workflow": "sequential",
      "n": 4,
      "failed": 4,
      "peer_veto_runs": 0,
      "peer_veto_stages": 0,
      "other_failed_stages": 21,
      "provider_errors": 0,
      "F1": 0.0,
      "diagnostic_F1": 65.0,
      "R": 0.5,
      "P": 1.0,
      "E": 63.333333333333336,
      "proposals": 53.0,
      "unique_tests": 47.25
    },
    {
      "model": "qwen_3_8_27b",
      "workflow": "deliberative",
      "n": 1,
      "failed": 1,
      "peer_veto_runs": 1,
      "peer_veto_stages": 4,
      "other_failed_stages": 3,
      "provider_errors": 0,
      "F1": 0.0,
      "diagnostic_F1": 80.0,
      "R": 0.6666666666666666,
      "P": 1.0,
      "E": 65.33333333333333,
      "proposals": 68.0,
      "unique_tests": 63.0
    },
    {
      "model": "sol_medium",
      "workflow": "persistent",
      "n": 8,
      "failed": 2,
      "peer_veto_runs": 0,
      "peer_veto_stages": 0,
      "other_failed_stages": 4,
      "provider_errors": 13,
      "F1": 58.12950049945946,
      "diagnostic_F1": 77.27497554239756,
      "R": 0.6666666666666666,
      "P": 0.922179814973162,
      "E": 65.52777777777777,
      "proposals": 250.875,
      "unique_tests": 245.125
    },
    {
      "model": "sol_medium",
      "workflow": "sequential",
      "n": 8,
      "failed": 1,
      "peer_veto_runs": 0,
      "peer_veto_stages": 0,
      "other_failed_stages": 2,
      "provider_errors": 8,
      "F1": 67.13805864310268,
      "diagnostic_F1": 69.59976542647249,
      "R": 0.5972222222222222,
      "P": 0.9016635962246695,
      "E": 58.97222222222222,
      "proposals": 248.25,
      "unique_tests": 244.875
    },
    {
      "model": "sol_medium",
      "workflow": "deliberative",
      "n": 7,
      "failed": 5,
      "peer_veto_runs": 5,
      "peer_veto_stages": 7,
      "other_failed_stages": 1,
      "provider_errors": 33,
      "F1": 16.619685224336386,
      "diagnostic_F1": 60.69374881461568,
      "R": 0.48611111111111105,
      "P": 0.9240918983826785,
      "E": 52.51851851851852,
      "proposals": 218.375,
      "unique_tests": 216.20833333333331
    },
    {
      "model": "terra_medium",
      "workflow": "persistent",
      "n": 8,
      "failed": 0,
      "peer_veto_runs": 0,
      "peer_veto_stages": 0,
      "other_failed_stages": 0,
      "provider_errors": 0,
      "F1": 66.35285694561358,
      "diagnostic_F1": 66.35285694561358,
      "R": 0.5347222222222222,
      "P": 0.9765185272045028,
      "E": 57.58333333333334,
      "proposals": 97.75,
      "unique_tests": 93.5
    },
    {
      "model": "terra_medium",
      "workflow": "sequential",
      "n": 8,
      "failed": 0,
      "peer_veto_runs": 0,
      "peer_veto_stages": 0,
      "other_failed_stages": 0,
      "provider_errors": 0,
      "F1": 63.63690263691314,
      "diagnostic_F1": 63.63690263691314,
      "R": 0.5,
      "P": 0.9560031449855928,
      "E": 62.611111111111114,
      "proposals": 82.25,
      "unique_tests": 78.75
    },
    {
      "model": "terra_medium",
      "workflow": "deliberative",
      "n": 8,
      "failed": 1,
      "peer_veto_runs": 1,
      "peer_veto_stages": 3,
      "other_failed_stages": 0,
      "provider_errors": 11,
      "F1": 52.972346913348076,
      "diagnostic_F1": 62.972346913348076,
      "R": 0.49999999999999994,
      "P": 0.9438562645084384,
      "E": 59.72222222222223,
      "proposals": 63.0,
      "unique_tests": 60.375
    }
  ],
  "contrasts": [
    {
      "model": "astra_medium",
      "baseline": "persistent",
      "both_completed_only": false,
      "n": 8,
      "versions": {
        "expected": 4,
        "surprising": 4
      },
      "F1": -16.96793493700371,
      "diagnostic_F1": 2.861124892056118,
      "R": 0.020833333333333343,
      "P": 0.04199975748493924,
      "E": 0.6944444444444482,
      "proposals": -6.75,
      "unique_tests": -6.75,
      "focal": -0.25
    },
    {
      "model": "astra_medium",
      "baseline": "persistent",
      "both_completed_only": true,
      "n": 6,
      "versions": {
        "expected": 3,
        "surprising": 3
      },
      "F1": 2.598028625252875,
      "diagnostic_F1": 2.598028625252875,
      "R": 0.02777777777777779,
      "P": 0.022153330300239304,
      "E": 1.0370370370370405,
      "proposals": -5.666666666666667,
      "unique_tests": -5.666666666666667,
      "focal": 0.0
    },
    {
      "model": "astra_medium",
      "baseline": "sequential",
      "both_completed_only": false,
      "n": 8,
      "versions": {
        "expected": 4,
        "surprising": 4
      },
      "F1": -4.1098817286670135,
      "diagnostic_F1": 6.844719225933942,
      "R": 0.0625,
      "P": 0.04781783260885428,
      "E": 0.8055555555555607,
      "proposals": -4.75,
      "unique_tests": -4.625,
      "focal": -0.125
    },
    {
      "model": "astra_medium",
      "baseline": "sequential",
      "both_completed_only": true,
      "n": 5,
      "versions": {
        "expected": 3,
        "surprising": 2
      },
      "F1": 7.502820885699509,
      "diagnostic_F1": 7.502820885699509,
      "R": 0.08333333333333333,
      "P": 0.019751305625918612,
      "E": 1.1851851851851904,
      "proposals": -1.6666666666666667,
      "unique_tests": -1.6666666666666667,
      "focal": 0.0
    },
    {
      "model": "gemma_4_31b",
      "baseline": "persistent",
      "both_completed_only": false,
      "n": 5,
      "versions": {
        "expected": 3,
        "surprising": 2
      },
      "F1": -20.0,
      "diagnostic_F1": 5.528768884603028,
      "R": 0.05555555555555555,
      "P": 0.022321428571428582,
      "E": 2.1111111111111125,
      "proposals": -40.083333333333336,
      "unique_tests": -38.666666666666664,
      "focal": -0.25
    },
    {
      "model": "gemma_4_31b",
      "baseline": "persistent",
      "both_completed_only": true,
      "n": 2,
      "versions": {
        "expected": 2
      },
      "F1": 0.0,
      "diagnostic_F1": 0.0,
      "R": 0.0,
      "P": 0.0,
      "E": 0.8888888888888786,
      "proposals": -27.5,
      "unique_tests": -24.5,
      "focal": 0.0
    },
    {
      "model": "gemma_4_31b",
      "baseline": "sequential",
      "both_completed_only": false,
      "n": 5,
      "versions": {
        "expected": 3,
        "surprising": 2
      },
      "F1": -43.51851851851852,
      "diagnostic_F1": 1.4814814814814845,
      "R": 0.0,
      "P": 0.04166666666666666,
      "E": 1.1296296296296267,
      "proposals": -42.0,
      "unique_tests": -39.33333333333333,
      "focal": -0.5
    },
    {
      "model": "gemma_4_31b",
      "baseline": "sequential",
      "both_completed_only": true,
      "n": 1,
      "versions": {
        "expected": 1
      },
      "F1": 0.0,
      "diagnostic_F1": 0.0,
      "R": 0.0,
      "P": 0.0,
      "E": 0.0,
      "proposals": -58.0,
      "unique_tests": -55.0,
      "focal": 0.0
    },
    {
      "model": "luna_medium",
      "baseline": "persistent",
      "both_completed_only": false,
      "n": 8,
      "versions": {
        "expected": 4,
        "surprising": 4
      },
      "F1": -7.830074620571667,
      "diagnostic_F1": -7.830074620571667,
      "R": -0.06944444444444445,
      "P": -0.03408495851257556,
      "E": -0.2777777777777768,
      "proposals": -41.125,
      "unique_tests": -37.875,
      "focal": -0.125
    },
    {
      "model": "luna_medium",
      "baseline": "persistent",
      "both_completed_only": true,
      "n": 8,
      "versions": {
        "expected": 4,
        "surprising": 4
      },
      "F1": -7.830074620571667,
      "diagnostic_F1": -7.830074620571667,
      "R": -0.06944444444444445,
      "P": -0.03408495851257556,
      "E": -0.2777777777777768,
      "proposals": -41.125,
      "unique_tests": -37.875,
      "focal": -0.125
    },
    {
      "model": "luna_medium",
      "baseline": "sequential",
      "both_completed_only": false,
      "n": 8,
      "versions": {
        "expected": 4,
        "surprising": 4
      },
      "F1": 4.3998695595067465,
      "diagnostic_F1": -1.4713425617053737,
      "R": -0.013888888888888888,
      "P": -0.15143398336981945,
      "E": -4.305555555555557,
      "proposals": -33.0,
      "unique_tests": -32.5,
      "focal": 0.125
    },
    {
      "model": "luna_medium",
      "baseline": "sequential",
      "both_completed_only": true,
      "n": 7,
      "versions": {
        "expected": 3,
        "surprising": 4
      },
      "F1": -0.1797405097191248,
      "diagnostic_F1": -0.1797405097191248,
      "R": 0.0,
      "P": -0.23282385757911594,
      "E": -3.4166666666666674,
      "proposals": -33.79166666666667,
      "unique_tests": -33.625,
      "focal": 0.0
    },
    {
      "model": "qwen_3_8_27b",
      "baseline": "persistent",
      "both_completed_only": false,
      "n": 1,
      "versions": {
        "surprising": 1
      },
      "F1": 0.0,
      "diagnostic_F1": 0.0,
      "R": 0.0,
      "P": 0.0,
      "E": -0.6666666666666714,
      "proposals": 15.0,
      "unique_tests": 19.0,
      "focal": 0.0
    },
    {
      "model": "qwen_3_8_27b",
      "baseline": "persistent",
      "both_completed_only": true,
      "n": 0,
      "versions": {},
      "F1": null,
      "diagnostic_F1": null,
      "R": null,
      "P": null,
      "E": null,
      "proposals": null,
      "unique_tests": null,
      "focal": null
    },
    {
      "model": "qwen_3_8_27b",
      "baseline": "sequential",
      "both_completed_only": false,
      "n": 1,
      "versions": {
        "surprising": 1
      },
      "F1": 0.0,
      "diagnostic_F1": 0.0,
      "R": 0.0,
      "P": 0.0,
      "E": 4.666666666666664,
      "proposals": 14.0,
      "unique_tests": 21.0,
      "focal": 0.0
    },
    {
      "model": "qwen_3_8_27b",
      "baseline": "sequential",
      "both_completed_only": true,
      "n": 0,
      "versions": {},
      "F1": null,
      "diagnostic_F1": null,
      "R": null,
      "P": null,
      "E": null,
      "proposals": null,
      "unique_tests": null,
      "focal": null
    },
    {
      "model": "sol_medium",
      "baseline": "persistent",
      "both_completed_only": false,
      "n": 7,
      "versions": {
        "expected": 3,
        "surprising": 4
      },
      "F1": -38.14091346133565,
      "diagnostic_F1": -16.316604600552623,
      "R": -0.18055555555555555,
      "P": 0.00941745840524825,
      "E": -12.9537037037037,
      "proposals": -30.5,
      "unique_tests": -26.791666666666664,
      "focal": -0.5416666666666666
    },
    {
      "model": "sol_medium",
      "baseline": "persistent",
      "both_completed_only": true,
      "n": 2,
      "versions": {
        "expected": 1,
        "surprising": 1
      },
      "F1": -24.981269119365486,
      "diagnostic_F1": -24.981269119365486,
      "R": -0.25,
      "P": -0.039306064306064314,
      "E": -24.555555555555557,
      "proposals": -79.0,
      "unique_tests": -76.0,
      "focal": -0.5
    },
    {
      "model": "sol_medium",
      "baseline": "sequential",
      "both_completed_only": false,
      "n": 7,
      "versions": {
        "expected": 3,
        "surprising": 4
      },
      "F1": -47.37462308936448,
      "diagnostic_F1": -6.582835210244925,
      "R": -0.08796296296296297,
      "P": 0.02240380238364598,
      "E": -4.027777777777777,
      "proposals": -25.333333333333332,
      "unique_tests": -24.458333333333332,
      "focal": -0.6666666666666666
    },
    {
      "model": "sol_medium",
      "baseline": "sequential",
      "both_completed_only": true,
      "n": 2,
      "versions": {
        "expected": 1,
        "surprising": 1
      },
      "F1": -21.9339762962827,
      "diagnostic_F1": -21.9339762962827,
      "R": -0.25,
      "P": 0.04066736989595554,
      "E": -24.888888888888886,
      "proposals": -62.5,
      "unique_tests": -61.0,
      "focal": -0.5
    },
    {
      "model": "terra_medium",
      "baseline": "persistent",
      "both_completed_only": false,
      "n": 8,
      "versions": {
        "expected": 4,
        "surprising": 4
      },
      "F1": -13.380510032265507,
      "diagnostic_F1": -3.380510032265507,
      "R": -0.03472222222222221,
      "P": -0.03266226269606441,
      "E": 2.1388888888888875,
      "proposals": -34.75,
      "unique_tests": -33.125,
      "focal": -0.25
    },
    {
      "model": "terra_medium",
      "baseline": "persistent",
      "both_completed_only": true,
      "n": 7,
      "versions": {
        "expected": 4,
        "surprising": 3
      },
      "F1": -6.972658644230574,
      "diagnostic_F1": -6.972658644230574,
      "R": -0.06944444444444442,
      "P": -0.04072223569506181,
      "E": 0.22222222222222143,
      "proposals": -33.75,
      "unique_tests": -31.791666666666664,
      "focal": -0.20833333333333331
    },
    {
      "model": "terra_medium",
      "baseline": "sequential",
      "both_completed_only": false,
      "n": 8,
      "versions": {
        "expected": 4,
        "surprising": 4
      },
      "F1": -10.664555723565066,
      "diagnostic_F1": -0.6645557235650648,
      "R": 0.0,
      "P": -0.012146880477154384,
      "E": -2.8888888888888893,
      "proposals": -19.25,
      "unique_tests": -18.375,
      "focal": -0.25
    },
    {
      "model": "terra_medium",
      "baseline": "sequential",
      "both_completed_only": true,
      "n": 7,
      "versions": {
        "expected": 4,
        "surprising": 3
      },
      "F1": -10.550579204407043,
      "diagnostic_F1": -10.550579204407043,
      "R": -0.09722222222222221,
      "P": -0.019962847365701926,
      "E": -6.166666666666667,
      "proposals": -21.708333333333336,
      "unique_tests": -20.5,
      "focal": -0.3333333333333333
    }
  ]
}
